// Jest Snapshot v1, https://goo.gl/fbAQLP

exports[`should render Currency with mock fetch 1`] = `
<a
  class="currency svelte-o1cyf9"
  href="https://www.xe.com/currencyconverter/convert/?Amount=1&From=GBP&To=USD"
>
  GBP
   $
  1.200
</a>
`;
